// Jest Snapshot v1, https://goo.gl/fbAQLP

exports[`SwiperImage snapshot test render SwiperImage component correctly when have images 1`] = `
<View
  onLayout={[Function]}
  style={
    Array [
      Object {
        "backgroundColor": "transparent",
        "flex": 1,
        "position": "relative",
      },
      undefined,
    ]
  }
>
  <RCTScrollView
    activeDot={
      <View
        style={
          Object {
            "backgroundColor": "#0565FC",
            "borderRadius": 5,
            "height": 10,
            "margin": 3,
            "width": 10,
          }
        }
      />
    }
    automaticallyAdjustContentInsets={false}
    autoplay={true}
    autoplayDirection={true}
    autoplayTimeout={2.5}
    bounces={false}
    contentContainerStyle={
      Array [
        Object {
          "backgroundColor": "transparent",
        },
        Object {
          "height": 280,
        },
      ]
    }
    contentOffset={
      Object {
        "x": 0,
      }
    }
    disableNextButton={false}
    disablePrevButton={false}
    dot={
      <View
        style={
          Object {
            "backgroundColor": "#FFFFFF",
            "borderRadius": 5,
            "height": 10,
            "margin": 3,
            "width": 10,
          }
        }
      />
    }
    horizontal={true}
    index={0}
    loadMinimal={false}
    loadMinimalSize={1}
    loop={true}
    onIndexChanged={[Function]}
    onMomentumScrollEnd={[Function]}
    onScrollBeginDrag={[Function]}
    onScrollEndDrag={[Function]}
    paginationStyle={
      Object {
        "bottom": null,
        "left": null,
        "right": 15,
        "top": 15,
      }
    }
    pagingEnabled={true}
    removeClippedSubviews={true}
    scrollsToTop={false}
    showsButtons={false}
    showsHorizontalScrollIndicator={false}
    showsPagination={true}
    showsVerticalScrollIndicator={false}
    testID="swiperImage-swiper"
  >
    <View>
      <View
        style={
          Array [
            Object {
              "height": 1334,
              "width": 750,
            },
            Object {
              "backgroundColor": "transparent",
            },
          ]
        }
      >
        <View
          style={
            Object {
              "backgroundColor": "#0565FC",
              "flex": 1,
            }
          }
        >
          <Image
            resizeMode="cover"
            source={
              Object {
                "uri": "https://res.cloudinary.com/alexanderaugusto/image/upload/v1633174373/locus/property/27c1852232a894cf4956c90e8e172ef5-property1_img4.jpg",
              }
            }
            style={
              Object {
                "height": 280,
                "width": "100%",
              }
            }
          />
        </View>
      </View>
      <View
        style={
          Array [
            Object {
              "height": 1334,
              "width": 750,
            },
            Object {
              "backgroundColor": "transparent",
            },
          ]
        }
      >
        <View
          style={
            Object {
              "backgroundColor": "#0565FC",
              "flex": 1,
            }
          }
        >
          <Image
            resizeMode="cover"
            source={
              Object {
                "uri": "https://res.cloudinary.com/alexanderaugusto/image/upload/v1633174373/locus/property/44787f89b5bddb4ed318cadd74b11b13-property1_img1.jpg",
              }
            }
            style={
              Object {
                "height": 280,
                "width": "100%",
              }
            }
          />
        </View>
      </View>
      <View
        style={
          Array [
            Object {
              "height": 1334,
              "width": 750,
            },
            Object {
              "backgroundColor": "transparent",
            },
          ]
        }
      >
        <View
          style={
            Object {
              "backgroundColor": "#0565FC",
              "flex": 1,
            }
          }
        >
          <Image
            resizeMode="cover"
            source={
              Object {
                "uri": "https://res.cloudinary.com/alexanderaugusto/image/upload/v1633174373/locus/property/b0881d860264b258b075452ecdc8611f-property1_img2.jpg",
              }
            }
            style={
              Object {
                "height": 280,
                "width": "100%",
              }
            }
          />
        </View>
      </View>
      <View
        style={
          Array [
            Object {
              "height": 1334,
              "width": 750,
            },
            Object {
              "backgroundColor": "transparent",
            },
          ]
        }
      >
        <View
          style={
            Object {
              "backgroundColor": "#0565FC",
              "flex": 1,
            }
          }
        >
          <Image
            resizeMode="cover"
            source={
              Object {
                "uri": "https://res.cloudinary.com/alexanderaugusto/image/upload/v1633174373/locus/property/3b8f454f5ec946176577ab1e73c17b27-property1_img3.jpg",
              }
            }
            style={
              Object {
                "height": 280,
                "width": "100%",
              }
            }
          />
        </View>
      </View>
      <View
        style={
          Array [
            Object {
              "height": 1334,
              "width": 750,
            },
            Object {
              "backgroundColor": "transparent",
            },
          ]
        }
      >
        <View
          style={
            Object {
              "backgroundColor": "#0565FC",
              "flex": 1,
            }
          }
        >
          <Image
            resizeMode="cover"
            source={
              Object {
                "uri": "https://res.cloudinary.com/alexanderaugusto/image/upload/v1633174373/locus/property/27c1852232a894cf4956c90e8e172ef5-property1_img4.jpg",
              }
            }
            style={
              Object {
                "height": 280,
                "width": "100%",
              }
            }
          />
        </View>
      </View>
      <View
        style={
          Array [
            Object {
              "height": 1334,
              "width": 750,
            },
            Object {
              "backgroundColor": "transparent",
            },
          ]
        }
      >
        <View
          style={
            Object {
              "backgroundColor": "#0565FC",
              "flex": 1,
            }
          }
        >
          <Image
            resizeMode="cover"
            source={
              Object {
                "uri": "https://res.cloudinary.com/alexanderaugusto/image/upload/v1633174373/locus/property/44787f89b5bddb4ed318cadd74b11b13-property1_img1.jpg",
              }
            }
            style={
              Object {
                "height": 280,
                "width": "100%",
              }
            }
          />
        </View>
      </View>
    </View>
  </RCTScrollView>
  <View
    pointerEvents="none"
    style={
      Array [
        Object {
          "alignItems": "center",
          "backgroundColor": "transparent",
          "bottom": 25,
          "flex": 1,
          "flexDirection": "row",
          "justifyContent": "center",
          "left": 0,
          "position": "absolute",
          "right": 0,
        },
        Object {
          "bottom": null,
          "left": null,
          "right": 15,
          "top": 15,
        },
      ]
    }
  >
    <View
      style={
        Object {
          "backgroundColor": "#0565FC",
          "borderRadius": 5,
          "height": 10,
          "margin": 3,
          "width": 10,
        }
      }
    />
    <View
      style={
        Object {
          "backgroundColor": "#FFFFFF",
          "borderRadius": 5,
          "height": 10,
          "margin": 3,
          "width": 10,
        }
      }
    />
    <View
      style={
        Object {
          "backgroundColor": "#FFFFFF",
          "borderRadius": 5,
          "height": 10,
          "margin": 3,
          "width": 10,
        }
      }
    />
    <View
      style={
        Object {
          "backgroundColor": "#FFFFFF",
          "borderRadius": 5,
          "height": 10,
          "margin": 3,
          "width": 10,
        }
      }
    />
  </View>
</View>
`;

exports[`SwiperImage snapshot test render SwiperImage component correctly when images list are empty 1`] = `
<Text
  style={
    Object {
      "alignSelf": "center",
      "color": "#2C3E50",
      "fontSize": 20,
      "fontWeight": "700",
      "height": 280,
      "justifyContent": "center",
      "paddingHorizontal": 30,
      "paddingTop": 110,
      "textAlign": "center",
    }
  }
>
  Nenhum imagem disponibilizada para este im√≥vel!
</Text>
`;
