// Jest Snapshot v1, https://goo.gl/fbAQLP

exports[`Account unit test render Account screen correctly when signed=false 1`] = `
<View
  onLayout={[Function]}
  style={
    Object {
      "alignItems": "center",
      "flex": 1,
      "flexDirection": "column",
      "justifyContent": "space-between",
      "paddingHorizontal": "10%",
      "paddingVertical": "25%",
    }
  }
  testID="empty-message"
>
  <Icon
    color="#0565FC"
    name="user-alt"
    size={120}
  />
  <View>
    <Text
      style={
        Object {
          "color": "#2C3E50",
          "fontSize": 20,
          "fontWeight": "bold",
          "textAlign": "center",
        }
      }
    >
      Você ainda não está logado em uma conta!
    </Text>
    <Text
      style={
        Object {
          "color": "#AAADB3",
          "fontSize": 18,
          "marginTop": 15,
          "textAlign": "center",
        }
      }
    >
      Faça o login no aplicativo para poder acessar os dados da sua conta.
    </Text>
  </View>
  <View
    accessible={true}
    focusable={true}
    onClick={[Function]}
    onResponderGrant={[Function]}
    onResponderMove={[Function]}
    onResponderRelease={[Function]}
    onResponderTerminate={[Function]}
    onResponderTerminationRequest={[Function]}
    onStartShouldSetResponder={[Function]}
    style={
      Object {
        "alignItems": "center",
        "alignSelf": "center",
        "backgroundColor": "#0565FC",
        "borderRadius": 24,
        "height": 40,
        "justifyContent": "center",
        "marginVertical": 10,
        "opacity": 1,
        "paddingHorizontal": 25,
        "width": 130,
      }
    }
    testID="account-empty-button"
  >
    <Text
      style={
        Object {
          "color": "#FFFFFF",
        }
      }
    >
      Entrar
    </Text>
  </View>
</View>
`;

exports[`Account unit test render Account screen correctly when signed=true 1`] = `
<RCTScrollView
  alwaysBounceVertical={false}
  showsVerticalScrollIndicator={false}
  style={
    Object {
      "backgroundColor": "#F0F0F0",
      "flex": 1,
    }
  }
  testID="account"
>
  <View>
    <View
      onLayout={[Function]}
      style={
        Array [
          Object {
            "backgroundColor": "#F0F0F0",
            "flex": 1,
          },
          Object {
            "paddingBottom": 0,
          },
        ]
      }
    >
      <View
        style={
          Object {
            "backgroundColor": "#0565FC",
            "height": "40%",
            "position": "absolute",
            "width": "100%",
          }
        }
      />
      <View
        style={
          Object {
            "alignItems": "center",
            "flexDirection": "row",
            "justifyContent": "center",
            "marginBottom": 10,
            "marginTop": 20,
          }
        }
      >
        <Text
          numberOfLiner={2}
          style={
            Object {
              "alignSelf": "center",
              "color": "#FFFFFF",
              "fontSize": 23,
              "fontWeight": "600",
            }
          }
        >
          Minha Conta
        </Text>
      </View>
      <View
        style={
          Object {
            "alignItems": "center",
            "alignSelf": "center",
            "backgroundColor": "#FFFFFF",
            "borderRadius": 24,
            "elevation": 1,
            "flexDirection": "column",
            "marginTop": 10,
            "overflow": "hidden",
            "padding": 8,
            "shadowColor": "#2C3E50",
            "shadowOffset": Object {
              "height": 1,
              "width": 0,
            },
            "shadowOpacity": 0.22,
            "shadowRadius": 2.22,
            "width": 330,
          }
        }
      >
        <View
          accessible={true}
          focusable={true}
          onClick={[Function]}
          onResponderGrant={[Function]}
          onResponderMove={[Function]}
          onResponderRelease={[Function]}
          onResponderTerminate={[Function]}
          onResponderTerminationRequest={[Function]}
          onStartShouldSetResponder={[Function]}
          style={
            Object {
              "opacity": 1,
            }
          }
        >
          <Image
            source={
              Object {
                "uri": "https://res.cloudinary.com/alexanderaugusto/image/upload/v1633174373/locus/user/default-avatar.png",
              }
            }
            style={
              Object {
                "borderColor": "#7F8C8D",
                "borderRadius": 110,
                "borderWidth": 2,
                "height": 110,
                "width": 110,
              }
            }
          />
        </View>
        <Text
          style={
            Object {
              "alignSelf": "center",
              "color": "#2C3E50",
              "fontSize": 18,
              "fontWeight": "500",
              "marginTop": 5,
            }
          }
          testID="account-name"
        >

        </Text>
        <View
          accessible={true}
          focusable={true}
          onClick={[Function]}
          onResponderGrant={[Function]}
          onResponderMove={[Function]}
          onResponderRelease={[Function]}
          onResponderTerminate={[Function]}
          onResponderTerminationRequest={[Function]}
          onStartShouldSetResponder={[Function]}
          style={
            Object {
              "alignItems": "center",
              "alignSelf": "center",
              "backgroundColor": "#0565FC",
              "borderRadius": 24,
              "height": 30,
              "justifyContent": "center",
              "marginVertical": 10,
              "opacity": 1,
              "width": 100,
            }
          }
        >
          <Text
            style={
              Object {
                "color": "#FFFFFF",
                "fontSize": 16,
                "fontWeight": "bold",
              }
            }
          >
            Sair
          </Text>
        </View>
      </View>
      <View
        style={
          Object {
            "flex": 1,
            "paddingHorizontal": 20,
            "paddingVertical": 10,
          }
        }
      >
        <Text
          style={
            Object {
              "color": "#F82F4A",
              "fontSize": 14,
              "fontWeight": "500",
              "paddingTop": 10,
              "textAlign": "center",
            }
          }
          testID="account-errorMessageText"
        >

        </Text>
        <View
          style={
            Array [
              Object {
                "alignSelf": "stretch",
                "backgroundColor": "#FFFFFF",
                "borderColor": "#0565FC",
                "borderRadius": 25,
                "borderWidth": 1,
                "elevation": 2,
                "flexDirection": "row",
                "marginTop": 15,
                "paddingHorizontal": 12,
                "shadowOffset": Object {
                  "height": 0,
                  "width": 0,
                },
                "shadowOpacity": 0.2,
                "shadowRadius": 2,
              },
              undefined,
            ]
          }
        >
          <Text
            style={
              Object {
                "alignSelf": "center",
                "color": "#7F8C8D",
                "fontWeight": "600",
              }
            }
          >
            Nome:
          </Text>
          <TextInput
            allowFontScaling={true}
            onBlur={[Function]}
            onChangeText={[Function]}
            onFocus={[Function]}
            placeholder="Seu nome..."
            placeholderTextColor="#AAADB3"
            rejectResponderTermination={true}
            secureTextEntry={false}
            style={
              Array [
                Object {
                  "color": "#2C3E50",
                  "height": 46,
                  "paddingHorizontal": 8,
                  "paddingVertical": 10,
                  "width": "100%",
                },
                undefined,
              ]
            }
            testID="account-input-name"
            underlineColorAndroid="transparent"
            value=""
          />
        </View>
        <View
          style={
            Array [
              Object {
                "alignSelf": "stretch",
                "backgroundColor": "#FFFFFF",
                "borderColor": "#0565FC",
                "borderRadius": 25,
                "borderWidth": 1,
                "elevation": 2,
                "flexDirection": "row",
                "marginTop": 15,
                "paddingHorizontal": 12,
                "shadowOffset": Object {
                  "height": 0,
                  "width": 0,
                },
                "shadowOpacity": 0.2,
                "shadowRadius": 2,
              },
              undefined,
            ]
          }
        >
          <Text
            style={
              Object {
                "alignSelf": "center",
                "color": "#7F8C8D",
                "fontWeight": "600",
              }
            }
          >
            E-mail:
          </Text>
          <TextInput
            allowFontScaling={true}
            keyboardType="email-address"
            onBlur={[Function]}
            onChangeText={[Function]}
            onFocus={[Function]}
            placeholder="Seu email..."
            placeholderTextColor="#AAADB3"
            rejectResponderTermination={true}
            secureTextEntry={false}
            style={
              Array [
                Object {
                  "color": "#2C3E50",
                  "height": 46,
                  "paddingHorizontal": 8,
                  "paddingVertical": 10,
                  "width": "100%",
                },
                undefined,
              ]
            }
            testID="account-input-email"
            underlineColorAndroid="transparent"
            value=""
          />
        </View>
        <View
          style={
            Array [
              Object {
                "alignSelf": "stretch",
                "backgroundColor": "#FFFFFF",
                "borderColor": "#0565FC",
                "borderRadius": 25,
                "borderWidth": 1,
                "elevation": 2,
                "flexDirection": "row",
                "marginTop": 15,
                "paddingHorizontal": 12,
                "shadowOffset": Object {
                  "height": 0,
                  "width": 0,
                },
                "shadowOpacity": 0.2,
                "shadowRadius": 2,
              },
              undefined,
            ]
          }
        >
          <Text
            style={
              Object {
                "alignSelf": "center",
                "color": "#7F8C8D",
                "fontWeight": "600",
              }
            }
          >
            Celular:
          </Text>
          <TextInput
            allowFontScaling={true}
            keyboardType="phone-pad"
            onBlur={[Function]}
            onChangeText={[Function]}
            onFocus={[Function]}
            placeholder="Seu celular..."
            placeholderTextColor="#AAADB3"
            rejectResponderTermination={true}
            secureTextEntry={false}
            style={
              Array [
                Object {
                  "color": "#2C3E50",
                  "height": 46,
                  "paddingHorizontal": 8,
                  "paddingVertical": 10,
                  "width": "100%",
                },
                undefined,
              ]
            }
            testID="account-input-phone"
            underlineColorAndroid="transparent"
            value=""
          />
        </View>
        <View
          accessible={true}
          focusable={true}
          onClick={[Function]}
          onResponderGrant={[Function]}
          onResponderMove={[Function]}
          onResponderRelease={[Function]}
          onResponderTerminate={[Function]}
          onResponderTerminationRequest={[Function]}
          onStartShouldSetResponder={[Function]}
          style={
            Object {
              "alignItems": "center",
              "alignSelf": "center",
              "backgroundColor": "#0565FC",
              "borderRadius": 24,
              "flexDirection": "row",
              "height": 35,
              "justifyContent": "center",
              "marginTop": 30,
              "maxWidth": 200,
              "opacity": 1,
              "width": 150,
            }
          }
          testID="account-save-button"
        >
          <Text
            style={
              Object {
                "color": "#FFFFFF",
                "fontSize": 16,
                "fontWeight": "bold",
              }
            }
          >
            Salvar
          </Text>
        </View>
      </View>
    </View>
  </View>
</RCTScrollView>
`;
